Archive member included to satisfy reference by file (symbol)

c:/program files (x86)/atollic/truestudio for stm32 9.3.0/armtools/bin/../lib/gcc/arm-atollic-eabi/6.3.1/../../../../arm-atollic-eabi/lib/armv7-m\libc_nano.a(lib_a-errno.o)
                              Src\syscalls.o (__errno)
c:/program files (x86)/atollic/truestudio for stm32 9.3.0/armtools/bin/../lib/gcc/arm-atollic-eabi/6.3.1/../../../../arm-atollic-eabi/lib/armv7-m\libc_nano.a(lib_a-impure.o)
                              c:/program files (x86)/atollic/truestudio for stm32 9.3.0/armtools/bin/../lib/gcc/arm-atollic-eabi/6.3.1/../../../../arm-atollic-eabi/lib/armv7-m\libc_nano.a(lib_a-errno.o) (_impure_ptr)
c:/program files (x86)/atollic/truestudio for stm32 9.3.0/armtools/bin/../lib/gcc/arm-atollic-eabi/6.3.1/../../../../arm-atollic-eabi/lib/armv7-m\libc_nano.a(lib_a-init.o)
                              startup\startup_stm32f103xb.o (__libc_init_array)
c:/program files (x86)/atollic/truestudio for stm32 9.3.0/armtools/bin/../lib/gcc/arm-atollic-eabi/6.3.1/../../../../arm-atollic-eabi/lib/armv7-m\libc_nano.a(lib_a-memset.o)
                              Drivers\STM32F1xx_HAL_Driver\Src\stm32f1xx_hal_rcc.o (memset)
c:/program files (x86)/atollic/truestudio for stm32 9.3.0/armtools/bin/../lib/gcc/arm-atollic-eabi/6.3.1/armv7-m\libgcc.a(_lshrdi3.o)
                              Drivers\STM32F1xx_HAL_Driver\Src\stm32f1xx_hal_flash.o (__aeabi_llsr)

Allocating common symbols
Common symbol       size              file

lrc_u8g             0x4               Src\u8g\chessengine.o
chess_low_edge      0x1               Src\u8g\chessengine.o
hspi2               0x58              Src\main.o
u8g                 0x3c              Src\main.o
u8g_vs_width        0x1               Src\u8g\u8g_virtual_screen.o
uwTick              0x4               Drivers\STM32F1xx_HAL_Driver\Src\stm32f1xx_hal.o
pFlash              0x20              Drivers\STM32F1xx_HAL_Driver\Src\stm32f1xx_hal_flash.o
u8g_vs_height       0x1               Src\u8g\u8g_virtual_screen.o
u8g_pb_dev_gprof_buf
                    0x80              Src\u8g\u8g_dev_gprof.o
u8g_vs_list         0x20              Src\u8g\u8g_virtual_screen.o
lrc_obj             0xf8              Src\u8g\chessengine.o
u8g_write_flip_disc_matrix
                    0x4               Src\u8g\u8g_dev_flipdisc_2x7.o
u8g_vs_current      0x1               Src\u8g\u8g_virtual_screen.o
u8g_pg              0x4c              Src\u8g\u8g_polygon.o

Discarded input sections

 .text          0x00000000        0x0 c:/program files (x86)/atollic/truestudio for stm32 9.3.0/armtools/bin/../lib/gcc/arm-atollic-eabi/6.3.1/armv7-m/crti.o
 .data          0x00000000        0x0 c:/program files (x86)/atollic/truestudio for stm32 9.3.0/armtools/bin/../lib/gcc/arm-atollic-eabi/6.3.1/armv7-m/crti.o
 .bss           0x00000000        0x0 c:/program files (x86)/atollic/truestudio for stm32 9.3.0/armtools/bin/../lib/gcc/arm-atollic-eabi/6.3.1/armv7-m/crti.o
 .data          0x00000000        0x4 c:/program files (x86)/atollic/truestudio for stm32 9.3.0/armtools/bin/../lib/gcc/arm-atollic-eabi/6.3.1/armv7-m/crtbegin.o
 .text          0x00000000        0x0 Drivers\STM32F1xx_HAL_Driver\Src\stm32f1xx_hal.o
 .data          0x00000000        0x0 Drivers\STM32F1xx_HAL_Driver\Src\stm32f1xx_hal.o
 .bss           0x00000000        0x0 Drivers\STM32F1xx_HAL_Driver\Src\stm32f1xx_hal.o
 .text.HAL_MspInit
                0x00000000        0x2 Drivers\STM32F1xx_HAL_Driver\Src\stm32f1xx_hal.o
 .text.HAL_MspDeInit
                0x00000000        0x2 Drivers\STM32F1xx_HAL_Driver\Src\stm32f1xx_hal.o
 .text.HAL_DeInit
                0x00000000       0x20 Drivers\STM32F1xx_HAL_Driver\Src\stm32f1xx_hal.o
 .text.HAL_GetTickPrio
                0x00000000        0xc Drivers\STM32F1xx_HAL_Driver\Src\stm32f1xx_hal.o
 .text.HAL_SetTickFreq
                0x00000000       0x28 Drivers\STM32F1xx_HAL_Driver\Src\stm32f1xx_hal.o
 .text.HAL_GetTickFreq
                0x00000000        0xc Drivers\STM32F1xx_HAL_Driver\Src\stm32f1xx_hal.o
 .text.HAL_SuspendTick
                0x00000000       0x10 Drivers\STM32F1xx_HAL_Driver\Src\stm32f1xx_hal.o
 .text.HAL_ResumeTick
                0x00000000       0x10 Drivers\STM32F1xx_HAL_Driver\Src\stm32f1xx_hal.o
 .text.HAL_GetHalVersion
                0x00000000        0x8 Drivers\STM32F1xx_HAL_Driver\Src\stm32f1xx_hal.o
 .text.HAL_GetREVID
                0x00000000        0xc Drivers\STM32F1xx_HAL_Driver\Src\stm32f1xx_hal.o
 .text.HAL_GetDEVID
                0x00000000       0x10 Drivers\STM32F1xx_HAL_Driver\Src\stm32f1xx_hal.o
 .text.HAL_GetUIDw0
                0x00000000        0xc Drivers\STM32F1xx_HAL_Driver\Src\stm32f1xx_hal.o
 .text.HAL_GetUIDw1
                0x00000000        0xc Drivers\STM32F1xx_HAL_Driver\Src\stm32f1xx_hal.o
 .text.HAL_GetUIDw2
                0x00000000        0xc Drivers\STM32F1xx_HAL_Driver\Src\stm32f1xx_hal.o
 .text.HAL_DBGMCU_EnableDBGSleepMode
[...]
Memory Configuration

Name             Origin             Length             Attributes
RAM              0x20000000         0x00005000         xrw
FLASH            0x08000000         0x00010000         xr
*default*        0x00000000         0xffffffff

Linker script and memory map

LOAD c:/program files (x86)/atollic/truestudio for stm32 9.3.0/armtools/bin/../lib/gcc/arm-atollic-eabi/6.3.1/armv7-m/crti.o
LOAD c:/program files (x86)/atollic/truestudio for stm32 9.3.0/armtools/bin/../lib/gcc/arm-atollic-eabi/6.3.1/armv7-m/crtbegin.o
LOAD Drivers\STM32F1xx_HAL_Driver\Src\stm32f1xx_hal.o
LOAD Drivers\STM32F1xx_HAL_Driver\Src\stm32f1xx_hal_cortex.o
LOAD Drivers\STM32F1xx_HAL_Driver\Src\stm32f1xx_hal_dma.o
LOAD Drivers\STM32F1xx_HAL_Driver\Src\stm32f1xx_hal_exti.o
LOAD Drivers\STM32F1xx_HAL_Driver\Src\stm32f1xx_hal_flash.o
LOAD Drivers\STM32F1xx_HAL_Driver\Src\stm32f1xx_hal_flash_ex.o
LOAD Drivers\STM32F1xx_HAL_Driver\Src\stm32f1xx_hal_gpio.o
LOAD Drivers\STM32F1xx_HAL_Driver\Src\stm32f1xx_hal_gpio_ex.o
LOAD Drivers\STM32F1xx_HAL_Driver\Src\stm32f1xx_hal_pwr.o
LOAD Drivers\STM32F1xx_HAL_Driver\Src\stm32f1xx_hal_rcc.o
LOAD Drivers\STM32F1xx_HAL_Driver\Src\stm32f1xx_hal_rcc_ex.o
LOAD Drivers\STM32F1xx_HAL_Driver\Src\stm32f1xx_hal_spi.o
LOAD Drivers\STM32F1xx_HAL_Driver\Src\stm32f1xx_hal_tim.o
LOAD Drivers\STM32F1xx_HAL_Driver\Src\stm32f1xx_hal_tim_ex.o
LOAD Src\main.o
LOAD Src\stm32f1xx_hal_msp.o
LOAD Src\stm32f1xx_it.o
LOAD Src\syscalls.o
LOAD Src\system_stm32f1xx.o
LOAD Src\u8g\chessengine.o
LOAD Src\u8g\u8g_bitmap.o
LOAD Src\u8g\u8g_circle.o
LOAD Src\u8g\u8g_clip.o
LOAD Src\u8g\u8g_com_api.o
LOAD Src\u8g\u8g_com_api_16gr.o
LOAD Src\u8g\u8g_com_i2c.o
LOAD Src\u8g\u8g_com_io.o
LOAD Src\u8g\u8g_com_msp430_hw_spi.o
LOAD Src\u8g\u8g_com_null.o
LOAD Src\u8g\u8g_com_raspberrypi_hw_spi.o
LOAD Src\u8g\u8g_com_raspberrypi_ssd_i2c.o
LOAD Src\u8g\u8g_com_std_sw_spi.o
LOAD Src\u8g\u8g_cursor.o
LOAD Src\u8g\u8g_delay.o
LOAD Src\u8g\u8g_dev_a2_micro_printer.o
LOAD Src\u8g\u8g_dev_flipdisc_2x7.o
LOAD Src\u8g\u8g_dev_gprof.o
LOAD Src\u8g\u8g_dev_ht1632.o
LOAD Src\u8g\u8g_dev_ili9325d_320x240.o
LOAD Src\u8g\u8g_dev_ks0108_128x64.o
LOAD Src\u8g\u8g_dev_lc7981_160x80.o
LOAD Src\u8g\u8g_dev_lc7981_240x128.o
LOAD Src\u8g\u8g_dev_lc7981_240x64.o
LOAD Src\u8g\u8g_dev_lc7981_320x64.o
LOAD Src\u8g\u8g_dev_ld7032_60x32.o
LOAD Src\u8g\u8g_dev_null.o
LOAD Src\u8g\u8g_dev_pcd8544_84x48.o
LOAD Src\u8g\u8g_dev_pcf8812_96x65.o
LOAD Src\u8g\u8g_dev_sbn1661_122x32.o
LOAD Src\u8g\u8g_dev_ssd1306_128x32.o
LOAD Src\u8g\u8g_dev_ssd1306_128x64.o
LOAD Src\u8g\u8g_dev_ssd1306_64x48.o
LOAD Src\u8g\u8g_dev_ssd1309_128x64.o
LOAD Src\u8g\u8g_dev_ssd1322_nhd31oled_bw.o
LOAD Src\u8g\u8g_dev_ssd1322_nhd31oled_gr.o
LOAD Src\u8g\u8g_dev_ssd1325_nhd27oled_bw.o
LOAD Src\u8g\u8g_dev_ssd1325_nhd27oled_bw_new.o
LOAD Src\u8g\u8g_dev_ssd1325_nhd27oled_gr.o
LOAD Src\u8g\u8g_dev_ssd1325_nhd27oled_gr_new.o
LOAD Src\u8g\u8g_dev_ssd1327_96x96_gr.o
LOAD Src\u8g\u8g_dev_ssd1351_128x128.o
LOAD Src\u8g\u8g_dev_ssd1353_160x128.o
LOAD Src\u8g\u8g_dev_st7565_64128n.o
LOAD Src\u8g\u8g_dev_st7565_dogm128.o
LOAD Src\u8g\u8g_dev_st7565_dogm132.o
LOAD Src\u8g\u8g_dev_st7565_lm6059.o
LOAD Src\u8g\u8g_dev_st7565_lm6063.o
LOAD Src\u8g\u8g_dev_st7565_nhd_c12832.o
LOAD Src\u8g\u8g_dev_st7565_nhd_c12864.o
LOAD Src\u8g\u8g_dev_st7687_c144mvgd.o
LOAD Src\u8g\u8g_dev_st7920_128x64.o
LOAD Src\u8g\u8g_dev_st7920_192x32.o
LOAD Src\u8g\u8g_dev_st7920_202x32.o
LOAD Src\u8g\u8g_dev_t6963_128x128.o
LOAD Src\u8g\u8g_dev_t6963_128x64.o
LOAD Src\u8g\u8g_dev_t6963_240x128.o
LOAD Src\u8g\u8g_dev_t6963_240x64.o
LOAD Src\u8g\u8g_dev_tls8204_84x48.o
LOAD Src\u8g\u8g_dev_uc1601_c128032.o
LOAD Src\u8g\u8g_dev_uc1608_240x128.o
LOAD Src\u8g\u8g_dev_uc1608_240x64.o
LOAD Src\u8g\u8g_dev_uc1610_dogxl160.o
LOAD Src\u8g\u8g_dev_uc1611_dogm240.o
LOAD Src\u8g\u8g_dev_uc1611_dogxl240.o
LOAD Src\u8g\u8g_dev_uc1701_dogs102.o
LOAD Src\u8g\u8g_dev_uc1701_mini12864.o
LOAD Src\u8g\u8g_ellipse.o
LOAD Src\u8g\u8g_font.o
LOAD Src\u8g\u8g_font_data.o
LOAD Src\u8g\u8g_line.o
LOAD Src\u8g\u8g_ll_api.o
LOAD Src\u8g\u8g_page.o
LOAD Src\u8g\u8g_pb.o
LOAD Src\u8g\u8g_pb14v1.o
LOAD Src\u8g\u8g_pb16h1.o
LOAD Src\u8g\u8g_pb16h2.o
LOAD Src\u8g\u8g_pb16v1.o
LOAD Src\u8g\u8g_pb16v2.o
LOAD Src\u8g\u8g_pb32h1.o
LOAD Src\u8g\u8g_pb8h1.o
LOAD Src\u8g\u8g_pb8h1f.o
LOAD Src\u8g\u8g_pb8h2.o
LOAD Src\u8g\u8g_pb8h8.o
LOAD Src\u8g\u8g_pb8v1.o
LOAD Src\u8g\u8g_pb8v2.o
LOAD Src\u8g\u8g_pbxh16.o
LOAD Src\u8g\u8g_pbxh24.o
LOAD Src\u8g\u8g_polygon.o
LOAD Src\u8g\u8g_rect.o
LOAD Src\u8g\u8g_rot.o
LOAD Src\u8g\u8g_scale.o
LOAD Src\u8g\u8g_state.o
LOAD Src\u8g\u8g_u16toa.o
LOAD Src\u8g\u8g_u8toa.o
LOAD Src\u8g\u8g_virtual_screen.o
LOAD Src\u8g_arm.o
LOAD startup\startup_stm32f103xb.o
                0x00000080                malloc_getpagesize_P = 0x80
START GROUP
LOAD c:/program files (x86)/atollic/truestudio for stm32 9.3.0/armtools/bin/../lib/gcc/arm-atollic-eabi/6.3.1/../../../../arm-atollic-eabi/lib/armv7-m\libc_nano.a
LOAD c:/program files (x86)/atollic/truestudio for stm32 9.3.0/armtools/bin/../lib/gcc/arm-atollic-eabi/6.3.1/../../../../arm-atollic-eabi/lib/armv7-m\libm.a
END GROUP
START GROUP
LOAD c:/program files (x86)/atollic/truestudio for stm32 9.3.0/armtools/bin/../lib/gcc/arm-atollic-eabi/6.3.1/armv7-m\libgcc.a
LOAD c:/program files (x86)/atollic/truestudio for stm32 9.3.0/armtools/bin/../lib/gcc/arm-atollic-eabi/6.3.1/../../../../arm-atollic-eabi/lib/armv7-m\libc_nano.a
END GROUP
START GROUP
LOAD c:/program files (x86)/atollic/truestudio for stm32 9.3.0/armtools/bin/../lib/gcc/arm-atollic-eabi/6.3.1/armv7-m\libgcc.a
LOAD c:/program files (x86)/atollic/truestudio for stm32 9.3.0/armtools/bin/../lib/gcc/arm-atollic-eabi/6.3.1/../../../../arm-atollic-eabi/lib/armv7-m\libc_nano.a
LOAD c:/program files (x86)/atollic/truestudio for stm32 9.3.0/armtools/bin/../lib/gcc/arm-atollic-eabi/6.3.1/../../../../arm-atollic-eabi/lib/armv7-m\libnosys.a
END GROUP
START GROUP
LOAD c:/program files (x86)/atollic/truestudio for stm32 9.3.0/armtools/bin/../lib/gcc/arm-atollic-eabi/6.3.1/armv7-m\libgcc.a
LOAD c:/program files (x86)/atollic/truestudio for stm32 9.3.0/armtools/bin/../lib/gcc/arm-atollic-eabi/6.3.1/../../../../arm-atollic-eabi/lib/armv7-m\libc_nano.a
LOAD c:/program files (x86)/atollic/truestudio for stm32 9.3.0/armtools/bin/../lib/gcc/arm-atollic-eabi/6.3.1/../../../../arm-atollic-eabi/lib/armv7-m\libnosys.a
END GROUP
LOAD c:/program files (x86)/atollic/truestudio for stm32 9.3.0/armtools/bin/../lib/gcc/arm-atollic-eabi/6.3.1/armv7-m/crtend.o
LOAD c:/program files (x86)/atollic/truestudio for stm32 9.3.0/armtools/bin/../lib/gcc/arm-atollic-eabi/6.3.1/armv7-m/crtn.o
                0x20005000                _estack = 0x20005000
                0x00000200                _Min_Heap_Size = 0x200
                0x00000400                _Min_Stack_Size = 0x400

.isr_vector     0x08000000      0x10c
                0x08000000                . = ALIGN (0x4)
 *(.isr_vector)
 .isr_vector    0x08000000      0x10c startup\startup_stm32f103xb.o
                0x08000000                g_pfnVectors
                0x0800010c                . = ALIGN (0x4)

.text           0x0800010c     0x1780
                0x0800010c                . = ALIGN (0x4)
 *(.text)
 .text          0x0800010c       0x40 c:/program files (x86)/atollic/truestudio for stm32 9.3.0/armtools/bin/../lib/gcc/arm-atollic-eabi/6.3.1/armv7-m/crtbegin.o
 *(.text*)
 .text.HAL_InitTick
                0x0800014c       0x48 Drivers\STM32F1xx_HAL_Driver\Src\stm32f1xx_hal.o
                0x0800014c                HAL_InitTick
 .text.HAL_Init
                0x08000194       0x24 Drivers\STM32F1xx_HAL_Driver\Src\stm32f1xx_hal.o
                0x08000194                HAL_Init
 .text.HAL_IncTick
                0x080001b8       0x18 Drivers\STM32F1xx_HAL_Driver\Src\stm32f1xx_hal.o
                0x080001b8                HAL_IncTick
 .text.HAL_GetTick
                0x080001d0        0xc Drivers\STM32F1xx_HAL_Driver\Src\stm32f1xx_hal.o
                0x080001d0                HAL_GetTick
 .text.HAL_Delay
                0x080001dc       0x24 Drivers\STM32F1xx_HAL_Driver\Src\stm32f1xx_hal.o
                0x080001dc                HAL_Delay
 .text.HAL_NVIC_SetPriorityGrouping
                0x08000200       0x24 Drivers\STM32F1xx_HAL_Driver\Src\stm32f1xx_hal_cortex.o
                0x08000200                HAL_NVIC_SetPriorityGrouping
 .text.HAL_NVIC_SetPriority
                0x08000224       0x68 Drivers\STM32F1xx_HAL_Driver\Src\stm32f1xx_hal_cortex.o
                0x08000224                HAL_NVIC_SetPriority
 .text.HAL_SYSTICK_Config
                0x0800028c       0x2c Drivers\STM32F1xx_HAL_Driver\Src\stm32f1xx_hal_cortex.o
                0x0800028c                HAL_SYSTICK_Config
 .text.HAL_GPIO_Init
                0x080002b8      0x1c4 Drivers\STM32F1xx_HAL_Driver\Src\stm32f1xx_hal_gpio.o
                0x080002b8                HAL_GPIO_Init
 .text.HAL_GPIO_WritePin
                0x0800047c        0xa Drivers\STM32F1xx_HAL_Driver\Src\stm32f1xx_hal_gpio.o
                0x0800047c                HAL_GPIO_WritePin
 .text.HAL_GPIO_TogglePin
                0x08000486        0xc Drivers\STM32F1xx_HAL_Driver\Src\stm32f1xx_hal_gpio.o
                0x08000486                HAL_GPIO_TogglePin
 *fill*         0x08000492        0x2 
 .text.HAL_RCC_OscConfig
                0x08000494      0x33c Drivers\STM32F1xx_HAL_Driver\Src\stm32f1xx_hal_rcc.o
                0x08000494                HAL_RCC_OscConfig
 .text.HAL_RCC_GetSysClockFreq
                0x080007d0       0x78 Drivers\STM32F1xx_HAL_Driver\Src\stm32f1xx_hal_rcc.o
                0x080007d0                HAL_RCC_GetSysClockFreq
 .text.HAL_RCC_ClockConfig
                0x08000848      0x13c Drivers\STM32F1xx_HAL_Driver\Src\stm32f1xx_hal_rcc.o
                0x08000848                HAL_RCC_ClockConfig
 .text.SPI_WaitFlagStateUntilTimeout.constprop.8
                0x08000984       0x76 Drivers\STM32F1xx_HAL_Driver\Src\stm32f1xx_hal_spi.o
 .text.SPI_EndRxTxTransaction
                0x080009fa       0x1c Drivers\STM32F1xx_HAL_Driver\Src\stm32f1xx_hal_spi.o
 .text.HAL_SPI_Init
                0x08000a16       0x76 Drivers\STM32F1xx_HAL_Driver\Src\stm32f1xx_hal_spi.o
                0x08000a16                HAL_SPI_Init
 .text.HAL_SPI_Transmit
                0x08000a8c      0x152 Drivers\STM32F1xx_HAL_Driver\Src\stm32f1xx_hal_spi.o
                0x08000a8c                HAL_SPI_Transmit
 .text.HAL_SPI_GetState
                0x08000bde        0x6 Drivers\STM32F1xx_HAL_Driver\Src\stm32f1xx_hal_spi.o
                0x08000bde                HAL_SPI_GetState
 .text.SystemClock_Config
                0x08000be4       0x54 Src\main.o
                0x08000be4                SystemClock_Config
 .text.startup.main
                0x08000c38      0x144 Src\main.o
                0x08000c38                main
 .text.HAL_MspInit
                0x08000d7c       0x44 Src\stm32f1xx_hal_msp.o
                0x08000d7c                HAL_MspInit
 .text.HAL_SPI_MspInit
                0x08000dc0       0x64 Src\stm32f1xx_hal_msp.o
                0x08000dc0                HAL_SPI_MspInit
 .text.NMI_Handler
                0x08000e24        0x2 Src\stm32f1xx_it.o
                0x08000e24                NMI_Handler
 .text.HardFault_Handler
                0x08000e26        0x2 Src\stm32f1xx_it.o
                0x08000e26                HardFault_Handler
 .text.MemManage_Handler
                0x08000e28        0x2 Src\stm32f1xx_it.o
                0x08000e28                MemManage_Handler
 .text.BusFault_Handler
                0x08000e2a        0x2 Src\stm32f1xx_it.o
                0x08000e2a                BusFault_Handler
 .text.UsageFault_Handler
                0x08000e2c        0x2 Src\stm32f1xx_it.o
                0x08000e2c                UsageFault_Handler
 .text.SVC_Handler
                0x08000e2e        0x2 Src\stm32f1xx_it.o
                0x08000e2e                SVC_Handler
 .text.DebugMon_Handler
                0x08000e30        0x2 Src\stm32f1xx_it.o
                0x08000e30                DebugMon_Handler
 .text.PendSV_Handler
                0x08000e32        0x2 Src\stm32f1xx_it.o
                0x08000e32                PendSV_Handler
 .text.SysTick_Handler
                0x08000e34        0x4 Src\stm32f1xx_it.o
                0x08000e34                SysTick_Handler
 .text.SystemInit
                0x08000e38       0x4c Src\system_stm32f1xx.o
                0x08000e38                SystemInit
 .text.u8g_IsBBXIntersection
                0x08000e84       0x52 Src\u8g\u8g_clip.o
                0x08000e84                u8g_IsBBXIntersection
 .text.u8g_InitCom
                0x08000ed6        0xe Src\u8g\u8g_com_api.o
                0x08000ed6                u8g_InitCom
 .text.u8g_SetChipSelect
                0x08000ee4        0xe Src\u8g\u8g_com_api.o
                0x08000ee4                u8g_SetChipSelect
 .text.u8g_SetResetLow
                0x08000ef2       0x10 Src\u8g\u8g_com_api.o
                0x08000ef2                u8g_SetResetLow
 .text.u8g_SetResetHigh
                0x08000f02       0x10 Src\u8g\u8g_com_api.o
                0x08000f02                u8g_SetResetHigh
 .text.u8g_SetAddress
                0x08000f12        0xe Src\u8g\u8g_com_api.o
                0x08000f12                u8g_SetAddress
 .text.u8g_WriteByte
                0x08000f20        0xe Src\u8g\u8g_com_api.o
                0x08000f20                u8g_WriteByte
 .text.u8g_WriteSequence
                0x08000f2e        0xc Src\u8g\u8g_com_api.o
                0x08000f2e                u8g_WriteSequence
 .text.u8g_WriteEscSeqP
                0x08000f3a       0x8a Src\u8g\u8g_com_api.o
                0x08000f3a                u8g_WriteEscSeqP
 .text.u8g_com_null_fn
                0x08000fc4        0x4 Src\u8g\u8g_com_null.o
                0x08000fc4                u8g_com_null_fn
 .text.u8g_dev_st7565_dogm128_fn
                0x08000fc8       0xdc Src\u8g\u8g_dev_st7565_dogm128.o
                0x08000fc8                u8g_dev_st7565_dogm128_fn
 .text.u8g_font_get_word
                0x080010a4        0xe Src\u8g\u8g_font.o
 .text.u8g_font_calc_vref_font
                0x080010b2        0x4 Src\u8g\u8g_font.o
                0x080010b2                u8g_font_calc_vref_font
 .text.u8g_font_GetFormat.isra.0
                0x080010b6        0x2 Src\u8g\u8g_font.o
 .text.u8g_font_GetFontGlyphStructureSize.isra.1
                0x080010b8       0x14 Src\u8g\u8g_font.o
 .text.u8g_font_GetEncoding65Pos
                0x080010cc        0x6 Src\u8g\u8g_font.o
                0x080010cc                u8g_font_GetEncoding65Pos
 .text.u8g_font_GetEncoding97Pos
                0x080010d2        0x6 Src\u8g\u8g_font.o
                0x080010d2                u8g_font_GetEncoding97Pos
 .text.u8g_font_GetFontStartEncoding
                0x080010d8        0x4 Src\u8g\u8g_font.o
                0x080010d8                u8g_font_GetFontStartEncoding
 .text.u8g_font_GetFontEndEncoding
                0x080010dc        0x4 Src\u8g\u8g_font.o
                0x080010dc                u8g_font_GetFontEndEncoding
 .text.u8g_GetGlyph
                0x080010e0       0xe2 Src\u8g\u8g_font.o
                0x080010e0                u8g_GetGlyph
 .text.u8g_draw_glyph
                0x080011c2       0xae Src\u8g\u8g_font.o
                0x080011c2                u8g_draw_glyph
 .text.u8g_DrawStr
                0x08001270       0x3a Src\u8g\u8g_font.o
                0x08001270                u8g_DrawStr
 *fill*         0x080012aa        0x2 
 .text.u8g_SetFontPosBaseline
                0x080012ac        0xc Src\u8g\u8g_font.o
                0x080012ac                u8g_SetFontPosBaseline
 .text.u8g_call_dev_fn
                0x080012b8        0xa Src\u8g\u8g_ll_api.o
                0x080012b8                u8g_call_dev_fn
 .text.u8g_InitLL
                0x080012c2       0x2a Src\u8g\u8g_ll_api.o
                0x080012c2                u8g_InitLL
 .text.u8g_FirstPageLL
                0x080012ec       0x36 Src\u8g\u8g_ll_api.o
                0x080012ec                u8g_FirstPageLL
 .text.u8g_NextPageLL
                0x08001322       0x3a Src\u8g\u8g_ll_api.o
                0x08001322                u8g_NextPageLL
 .text.u8g_SetContrastLL
                0x0800135c       0x14 Src\u8g\u8g_ll_api.o
                0x0800135c                u8g_SetContrastLL
 .text.u8g_GetWidthLL
                0x08001370       0x16 Src\u8g\u8g_ll_api.o
                0x08001370                u8g_GetWidthLL
 .text.u8g_GetHeightLL
                0x08001386       0x16 Src\u8g\u8g_ll_api.o
                0x08001386                u8g_GetHeightLL
 .text.u8g_GetModeLL
                0x0800139c        0x8 Src\u8g\u8g_ll_api.o
                0x0800139c                u8g_GetModeLL
 .text.u8g_UpdateDimension
                0x080013a4       0x32 Src\u8g\u8g_ll_api.o
                0x080013a4                u8g_UpdateDimension
 .text.u8g_Begin
                0x080013d6       0x16 Src\u8g\u8g_ll_api.o
                0x080013d6                u8g_Begin
 .text.u8g_InitComFn
                0x080013ec       0x54 Src\u8g\u8g_ll_api.o
                0x080013ec                u8g_InitComFn
 .text.u8g_FirstPage
                0x08001440        0x6 Src\u8g\u8g_ll_api.o
                0x08001440                u8g_FirstPage
 .text.u8g_NextPage
                0x08001446       0x16 Src\u8g\u8g_ll_api.o
                0x08001446                u8g_NextPage
 .text.u8g_SetContrast
                0x0800145c        0x8 Src\u8g\u8g_ll_api.o
                0x0800145c                u8g_SetContrast
 .text.u8g_Draw8Pixel
                0x08001464       0x26 Src\u8g\u8g_ll_api.o
                0x08001464                u8g_Draw8Pixel
 .text.u8g_page_First
                0x0800148a        0xe Src\u8g\u8g_page.o
                0x0800148a                u8g_page_First
 .text.u8g_page_Next
                0x08001498       0x32 Src\u8g\u8g_page.o
                0x08001498                u8g_page_Next
 .text.u8g_pb_Clear
                0x080014ca       0x12 Src\u8g\u8g_pb.o
                0x080014ca                u8g_pb_Clear
 .text.u8g_pb_IsYIntersection
                0x080014dc       0x2a Src\u8g\u8g_pb.o
                0x080014dc                u8g_pb_IsYIntersection
 .text.u8g_pb_GetPageBox
                0x08001506       0x14 Src\u8g\u8g_pb.o
                0x08001506                u8g_pb_GetPageBox
 .text.u8g_pb_Is8PixelVisible
                0x0800151a       0x26 Src\u8g\u8g_pb.o
                0x0800151a                u8g_pb_Is8PixelVisible
 .text.u8g_pb_WriteBuffer
                0x08001540       0x12 Src\u8g\u8g_pb.o
                0x08001540                u8g_pb_WriteBuffer
 .text.u8g_pb8v1_set_pixel
                0x08001552       0x22 Src\u8g\u8g_pb8v1.o
                0x08001552                u8g_pb8v1_set_pixel
 .text.u8g_pb8v1_SetPixel
                0x08001574       0x26 Src\u8g\u8g_pb8v1.o
                0x08001574                u8g_pb8v1_SetPixel
 .text.u8g_pb8v1_Set8PixelOpt2
                0x0800159a       0x56 Src\u8g\u8g_pb8v1.o
                0x0800159a                u8g_pb8v1_Set8PixelOpt2
 .text.u8g_dev_pb8v1_base_fn
                0x080015f0       0x78 Src\u8g\u8g_pb8v1.o
                0x080015f0                u8g_dev_pb8v1_base_fn
 .text.u8g_draw_hline
                0x08001668       0x60 Src\u8g\u8g_rect.o
                0x08001668                u8g_draw_hline
 .text.u8g_draw_box
                0x080016c8       0x2e Src\u8g\u8g_rect.o
                0x080016c8                u8g_draw_box
 .text.u8g_DrawBox
                0x080016f6       0x32 Src\u8g\u8g_rect.o
                0x080016f6                u8g_DrawBox
 .text.u8g_state_dummy_cb
                0x08001728        0x2 Src\u8g\u8g_state.o
                0x08001728                u8g_state_dummy_cb
 .text.u8g_Delay
                0x0800172a        0x4 Src\u8g_arm.o
                0x0800172a                u8g_Delay
 .text.u8g_10MicroDelay
                0x0800172e        0x6 Src\u8g_arm.o
                0x0800172e                u8g_10MicroDelay
 .text.u8g_com_hw_spi_fn
                0x08001734       0x9c Src\u8g_arm.o
                0x08001734                u8g_com_hw_spi_fn
 .text.Reset_Handler
                0x080017d0       0x48 startup\startup_stm32f103xb.o
                0x080017d0                Reset_Handler
 .text.Default_Handler
                0x08001818        0x2 startup\startup_stm32f103xb.o
                0x08001818                RTC_Alarm_IRQHandler
                0x08001818                EXTI2_IRQHandler
                0x08001818                TIM1_CC_IRQHandler
                0x08001818                PVD_IRQHandler
                0x08001818                EXTI3_IRQHandler
                0x08001818                EXTI0_IRQHandler
                0x08001818                I2C2_EV_IRQHandler
                0x08001818                ADC1_2_IRQHandler
                0x08001818                SPI1_IRQHandler
                0x08001818                TAMPER_IRQHandler
                0x08001818                DMA1_Channel4_IRQHandler
                0x08001818                USART3_IRQHandler
                0x08001818                RTC_IRQHandler
                0x08001818                DMA1_Channel7_IRQHandler
                0x08001818                CAN1_RX1_IRQHandler
                0x08001818                TIM4_IRQHandler
                0x08001818                I2C1_EV_IRQHandler
                0x08001818                DMA1_Channel6_IRQHandler
                0x08001818                TIM3_IRQHandler
                0x08001818                RCC_IRQHandler
                0x08001818                TIM1_TRG_COM_IRQHandler
                0x08001818                DMA1_Channel1_IRQHandler
                0x08001818                Default_Handler
                0x08001818                EXTI15_10_IRQHandler
                0x08001818                EXTI9_5_IRQHandler
                0x08001818                SPI2_IRQHandler
                0x08001818                DMA1_Channel5_IRQHandler
                0x08001818                EXTI4_IRQHandler
                0x08001818                USB_LP_CAN1_RX0_IRQHandler
                0x08001818                USB_HP_CAN1_TX_IRQHandler
                0x08001818                DMA1_Channel3_IRQHandler
                0x08001818                TIM1_UP_IRQHandler
                0x08001818                WWDG_IRQHandler
                0x08001818                TIM2_IRQHandler
                0x08001818                TIM1_BRK_IRQHandler
                0x08001818                EXTI1_IRQHandler
                0x08001818                USART2_IRQHandler
                0x08001818                I2C2_ER_IRQHandler
                0x08001818                DMA1_Channel2_IRQHandler
                0x08001818                CAN1_SCE_IRQHandler
                0x08001818                FLASH_IRQHandler
                0x08001818                USART1_IRQHandler
                0x08001818                I2C1_ER_IRQHandler
                0x08001818                USBWakeUp_IRQHandler
 *fill*         0x0800181a        0x2 
 .text.__libc_init_array
                0x0800181c       0x48 c:/program files (x86)/atollic/truestudio for stm32 9.3.0/armtools/bin/../lib/gcc/arm-atollic-eabi/6.3.1/../../../../arm-atollic-eabi/lib/armv7-m\libc_nano.a(lib_a-init.o)
                0x0800181c                __libc_init_array
 .text.memset   0x08001864       0x10 c:/program files (x86)/atollic/truestudio for stm32 9.3.0/armtools/bin/../lib/gcc/arm-atollic-eabi/6.3.1/../../../../arm-atollic-eabi/lib/armv7-m\libc_nano.a(lib_a-memset.o)
                0x08001864                memset
 *(.glue_7)
 .glue_7        0x08001874        0x0 linker stubs
 *(.glue_7t)
 .glue_7t       0x08001874        0x0 linker stubs
 *(.eh_frame)
 .eh_frame      0x08001874        0x0 c:/program files (x86)/atollic/truestudio for stm32 9.3.0/armtools/bin/../lib/gcc/arm-atollic-eabi/6.3.1/armv7-m/crtbegin.o
 *(.init)
 .init          0x08001874        0x4 c:/program files (x86)/atollic/truestudio for stm32 9.3.0/armtools/bin/../lib/gcc/arm-atollic-eabi/6.3.1/armv7-m/crti.o
                0x08001874                _init
 .init          0x08001878        0x8 c:/program files (x86)/atollic/truestudio for stm32 9.3.0/armtools/bin/../lib/gcc/arm-atollic-eabi/6.3.1/armv7-m/crtn.o
 *(.fini)
 .fini          0x08001880        0x4 c:/program files (x86)/atollic/truestudio for stm32 9.3.0/armtools/bin/../lib/gcc/arm-atollic-eabi/6.3.1/armv7-m/crti.o
                0x08001880                _fini
 .fini          0x08001884        0x8 c:/program files (x86)/atollic/truestudio for stm32 9.3.0/armtools/bin/../lib/gcc/arm-atollic-eabi/6.3.1/armv7-m/crtn.o
                0x0800188c                . = ALIGN (0x4)
                0x0800188c                _etext = .

.vfp11_veneer   0x0800188c        0x0
 .vfp11_veneer  0x0800188c        0x0 linker stubs

.v4_bx          0x0800188c        0x0
 .v4_bx         0x0800188c        0x0 linker stubs

.iplt           0x0800188c        0x0
 .iplt          0x0800188c        0x0 c:/program files (x86)/atollic/truestudio for stm32 9.3.0/armtools/bin/../lib/gcc/arm-atollic-eabi/6.3.1/armv7-m/crtbegin.o

.rodata         0x0800188c     0x199c
                0x0800188c                . = ALIGN (0x4)
 *(.rodata)
 .rodata        0x0800188c       0x10 Drivers\STM32F1xx_HAL_Driver\Src\stm32f1xx_hal_rcc.o
 *(.rodata*)
 .rodata.main.str1.1
                0x0800189c        0x7 Src\main.o
 .rodata.AHBPrescTable
                0x080018a3       0x10 Src\system_stm32f1xx.o
                0x080018a3                AHBPrescTable
 .rodata.u8g_dev_st7565_dogm128_data_start
                0x080018b3        0x8 Src\u8g\u8g_dev_st7565_dogm128.o
 .rodata.u8g_dev_st7565_dogm128_init_seq
                0x080018bb       0x1d Src\u8g\u8g_dev_st7565_dogm128.o
                0x080018bb                u8g_dev_st7565_dogm128_init_seq
 .rodata.u8g_dev_st7565_dogm128_sleep_off
                0x080018d8        0xc Src\u8g\u8g_dev_st7565_dogm128.o
 .rodata.u8g_dev_st7565_dogm128_sleep_on
                0x080018e4        0xc Src\u8g\u8g_dev_st7565_dogm128.o
 .rodata.u8g_font_profont22
                0x080018f0     0x1936 Src\u8g\u8g_font_data.o
                0x080018f0                u8g_font_profont22
                0x08003228                . = ALIGN (0x4)
 *fill*         0x08003226        0x2 

.rel.dyn        0x08003228        0x0
 .rel.iplt      0x08003228        0x0 c:/program files (x86)/atollic/truestudio for stm32 9.3.0/armtools/bin/../lib/gcc/arm-atollic-eabi/6.3.1/armv7-m/crtbegin.o

.ARM.extab
 *(.ARM.extab* .gnu.linkonce.armextab.*)

.ARM            0x08003228        0x0
                0x08003228                __exidx_start = .
 *(.ARM.exidx*)
                0x08003228                __exidx_end = .

.preinit_array  0x08003228        0x0
                0x08003228                PROVIDE (__preinit_array_start, .)
 *(.preinit_array*)
                0x08003228                PROVIDE (__preinit_array_end, .)

.init_array     0x08003228        0x4
                0x08003228                PROVIDE (__init_array_start, .)
 *(SORT(.init_array.*))
 *(.init_array*)
 .init_array    0x08003228        0x4 c:/program files (x86)/atollic/truestudio for stm32 9.3.0/armtools/bin/../lib/gcc/arm-atollic-eabi/6.3.1/armv7-m/crtbegin.o
                0x0800322c                PROVIDE (__init_array_end, .)

.fini_array     0x0800322c        0x4
                [!provide]                PROVIDE (__fini_array_start, .)
 *(SORT(.fini_array.*))
 *(.fini_array*)
 .fini_array    0x0800322c        0x4 c:/program files (x86)/atollic/truestudio for stm32 9.3.0/armtools/bin/../lib/gcc/arm-atollic-eabi/6.3.1/armv7-m/crtbegin.o
                [!provide]                PROVIDE (__fini_array_end, .)
                0x08003230                _sidata = LOADADDR (.data)

.data           0x20000000       0x24 load address 0x08003230
                0x20000000                . = ALIGN (0x4)
                0x20000000                _sdata = .
 *(.data)
 *(.data*)
 .data.uwTickFreq
                0x20000000        0x1 Drivers\STM32F1xx_HAL_Driver\Src\stm32f1xx_hal.o
                0x20000000                uwTickFreq
 *fill*         0x20000001        0x3 
 .data.uwTickPrio
                0x20000004        0x4 Drivers\STM32F1xx_HAL_Driver\Src\stm32f1xx_hal.o
                0x20000004                uwTickPrio
 .data.SystemCoreClock
                0x20000008        0x4 Src\system_stm32f1xx.o
                0x20000008                SystemCoreClock
 .data.u8g_dev_st7565_dogm128_hw_spi
                0x2000000c        0xc Src\u8g\u8g_dev_st7565_dogm128.o
                0x2000000c                u8g_dev_st7565_dogm128_hw_spi
 .data.u8g_dev_st7565_dogm128_hw_spi_pb
                0x20000018        0xc Src\u8g\u8g_dev_st7565_dogm128.o
                0x20000018                u8g_dev_st7565_dogm128_hw_spi_pb
                0x20000024                . = ALIGN (0x4)
                0x20000024                _edata = .

.igot.plt       0x20000024        0x0 load address 0x08003254
 .igot.plt      0x20000024        0x0 c:/program files (x86)/atollic/truestudio for stm32 9.3.0/armtools/bin/../lib/gcc/arm-atollic-eabi/6.3.1/armv7-m/crtbegin.o
                0x20000024                . = ALIGN (0x4)

.bss            0x20000024      0x134 load address 0x08003254
                0x20000024                _sbss = .
                0x20000024                __bss_start__ = _sbss
 *(.bss)
 .bss           0x20000024       0x1c c:/program files (x86)/atollic/truestudio for stm32 9.3.0/armtools/bin/../lib/gcc/arm-atollic-eabi/6.3.1/armv7-m/crtbegin.o
 *(.bss*)
 .bss.u8g_dev_st7565_dogm128_hw_spi_buf
                0x20000040       0x80 Src\u8g\u8g_dev_st7565_dogm128.o
                0x20000040                u8g_dev_st7565_dogm128_hw_spi_buf
 *(COMMON)
 COMMON         0x200000c0        0x4 Drivers\STM32F1xx_HAL_Driver\Src\stm32f1xx_hal.o
                0x200000c0                uwTick
 COMMON         0x200000c4       0x94 Src\main.o
                0x200000c4                hspi2
                0x2000011c                u8g
                0x20000158                . = ALIGN (0x4)
                0x20000158                _ebss = .
                0x20000158                __bss_end__ = _ebss

._user_heap_stack
                0x20000158      0x600 load address 0x08003254
                0x20000158                . = ALIGN (0x4)
                0x20000158                PROVIDE (end, .)
                [!provide]                PROVIDE (_end, .)
                0x20000358                . = (. + _Min_Heap_Size)
 *fill*         0x20000158      0x200 
                0x20000758                . = (. + _Min_Stack_Size)
 *fill*         0x20000358      0x400 
                0x20000758                . = ALIGN (0x4)

/DISCARD/
 libc.a(*)
 libm.a(*)
 libgcc.a(*)

.ARM.attributes
                0x00000000       0x29
 *(.ARM.attributes)
 .ARM.attributes
                0x00000000       0x1d c:/program files (x86)/atollic/truestudio for stm32 9.3.0/armtools/bin/../lib/gcc/arm-atollic-eabi/6.3.1/armv7-m/crti.o
 .ARM.attributes
                0x0000001d       0x2d c:/program files (x86)/atollic/truestudio for stm32 9.3.0/armtools/bin/../lib/gcc/arm-atollic-eabi/6.3.1/armv7-m/crtbegin.o
 .ARM.attributes
                0x0000004a       0x33 Drivers\STM32F1xx_HAL_Driver\Src\stm32f1xx_hal.o
 .ARM.attributes
                0x0000007d       0x33 Drivers\STM32F1xx_HAL_Driver\Src\stm32f1xx_hal_cortex.o
 .ARM.attributes
                0x000000b0       0x33 Drivers\STM32F1xx_HAL_Driver\Src\stm32f1xx_hal_gpio.o
 .ARM.attributes
                0x000000e3       0x33 Drivers\STM32F1xx_HAL_Driver\Src\stm32f1xx_hal_rcc.o
 .ARM.attributes
                0x00000116       0x33 Drivers\STM32F1xx_HAL_Driver\Src\stm32f1xx_hal_spi.o
 .ARM.attributes
                0x00000149       0x33 Src\main.o
 .ARM.attributes
                0x0000017c       0x33 Src\stm32f1xx_hal_msp.o
 .ARM.attributes
                0x000001af       0x33 Src\stm32f1xx_it.o
 .ARM.attributes
                0x000001e2       0x33 Src\system_stm32f1xx.o
 .ARM.attributes
                0x00000215       0x33 Src\u8g\u8g_clip.o
 .ARM.attributes
                0x00000248       0x33 Src\u8g\u8g_com_api.o
 .ARM.attributes
                0x0000027b       0x33 Src\u8g\u8g_com_null.o
 .ARM.attributes
                0x000002ae       0x33 Src\u8g\u8g_dev_st7565_dogm128.o
 .ARM.attributes
                0x000002e1       0x33 Src\u8g\u8g_font.o
 .ARM.attributes
                0x00000314       0x33 Src\u8g\u8g_font_data.o
 .ARM.attributes
                0x00000347       0x33 Src\u8g\u8g_ll_api.o
 .ARM.attributes
                0x0000037a       0x33 Src\u8g\u8g_page.o
 .ARM.attributes
                0x000003ad       0x33 Src\u8g\u8g_pb.o
 .ARM.attributes
                0x000003e0       0x33 Src\u8g\u8g_pb8v1.o
 .ARM.attributes
                0x00000413       0x33 Src\u8g\u8g_rect.o
 .ARM.attributes
                0x00000446       0x33 Src\u8g\u8g_state.o
 .ARM.attributes
                0x00000479       0x33 Src\u8g_arm.o
 .ARM.attributes
                0x000004ac       0x21 startup\startup_stm32f103xb.o
 .ARM.attributes
                0x000004cd       0x2d c:/program files (x86)/atollic/truestudio for stm32 9.3.0/armtools/bin/../lib/gcc/arm-atollic-eabi/6.3.1/../../../../arm-atollic-eabi/lib/armv7-m\libc_nano.a(lib_a-init.o)
 .ARM.attributes
                0x000004fa       0x2d c:/program files (x86)/atollic/truestudio for stm32 9.3.0/armtools/bin/../lib/gcc/arm-atollic-eabi/6.3.1/../../../../arm-atollic-eabi/lib/armv7-m\libc_nano.a(lib_a-memset.o)
 .ARM.attributes
                0x00000527       0x1d c:/program files (x86)/atollic/truestudio for stm32 9.3.0/armtools/bin/../lib/gcc/arm-atollic-eabi/6.3.1/armv7-m/crtn.o
OUTPUT(LCD_ST7565.elf elf32-littlearm)

.debug_info     0x00000000    0x298f0
 .debug_info    0x00000000      0x7cd Drivers\STM32F1xx_HAL_Driver\Src\stm32f1xx_hal.o
 .debug_info    0x000007cd      0xca7 Drivers\STM32F1xx_HAL_Driver\Src\stm32f1xx_hal_cortex.o
 .debug_info    0x00001474      0x691 Drivers\STM32F1xx_HAL_Driver\Src\stm32f1xx_hal_gpio.o
 .debug_info    0x00001b05      0xa01 Drivers\STM32F1xx_HAL_Driver\Src\stm32f1xx_hal_rcc.o
 .debug_info    0x00002506     0x1cbc Drivers\STM32F1xx_HAL_Driver\Src\stm32f1xx_hal_spi.o
 .debug_info    0x000041c2     0x2bf7 Src\main.o
 .debug_info    0x00006db9      0x8ef Src\stm32f1xx_hal_msp.o
 .debug_info    0x000076a8      0x1fe Src\stm32f1xx_it.o
 .debug_info    0x000078a6      0x437 Src\system_stm32f1xx.o
 .debug_info    0x00007cdd     0x2113 Src\u8g\u8g_clip.o
 .debug_info    0x00009df0     0x2487 Src\u8g\u8g_com_api.o
 .debug_info    0x0000c277     0x2058 Src\u8g\u8g_com_null.o
 .debug_info    0x0000e2cf     0x271f Src\u8g\u8g_dev_st7565_dogm128.o
 .debug_info    0x000109ee     0x455d Src\u8g\u8g_font.o
 .debug_info    0x00014f4b     0x36c4 Src\u8g\u8g_font_data.o
 .debug_info    0x0001860f     0x303a Src\u8g\u8g_ll_api.o
 .debug_info    0x0001b649     0x210c Src\u8g\u8g_page.o
 .debug_info    0x0001d755     0x23d0 Src\u8g\u8g_pb.o
 .debug_info    0x0001fb25     0x2bfb Src\u8g\u8g_pb8v1.o
 .debug_info    0x00022720     0x294a Src\u8g\u8g_rect.o
 .debug_info    0x0002506a     0x2095 Src\u8g\u8g_state.o
 .debug_info    0x000270ff     0x277a Src\u8g_arm.o
 .debug_info    0x00029879       0x77 startup\startup_stm32f103xb.o

.debug_abbrev   0x00000000     0x2e27
 .debug_abbrev  0x00000000      0x24a Drivers\STM32F1xx_HAL_Driver\Src\stm32f1xx_hal.o
 .debug_abbrev  0x0000024a      0x2f8 Drivers\STM32F1xx_HAL_Driver\Src\stm32f1xx_hal_cortex.o
 .debug_abbrev  0x00000542      0x1e4 Drivers\STM32F1xx_HAL_Driver\Src\stm32f1xx_hal_gpio.o
 .debug_abbrev  0x00000726      0x2c1 Drivers\STM32F1xx_HAL_Driver\Src\stm32f1xx_hal_rcc.o
 .debug_abbrev  0x000009e7      0x33e Drivers\STM32F1xx_HAL_Driver\Src\stm32f1xx_hal_spi.o
 .debug_abbrev  0x00000d25      0x289 Src\main.o
 .debug_abbrev  0x00000fae      0x1c6 Src\stm32f1xx_hal_msp.o
 .debug_abbrev  0x00001174      0x112 Src\stm32f1xx_it.o
 .debug_abbrev  0x00001286      0x12f Src\system_stm32f1xx.o
 .debug_abbrev  0x000013b5      0x188 Src\u8g\u8g_clip.o
 .debug_abbrev  0x0000153d      0x195 Src\u8g\u8g_com_api.o
 .debug_abbrev  0x000016d2      0x138 Src\u8g\u8g_com_null.o
 .debug_abbrev  0x0000180a      0x1b1 Src\u8g\u8g_dev_st7565_dogm128.o
 .debug_abbrev  0x000019bb      0x459 Src\u8g\u8g_font.o
 .debug_abbrev  0x00001e14      0x13f Src\u8g\u8g_font_data.o
 .debug_abbrev  0x00001f53      0x389 Src\u8g\u8g_ll_api.o
 .debug_abbrev  0x000022dc      0x1a4 Src\u8g\u8g_page.o
 .debug_abbrev  0x00002480      0x231 Src\u8g\u8g_pb.o
 .debug_abbrev  0x000026b1      0x240 Src\u8g\u8g_pb8v1.o
 .debug_abbrev  0x000028f1      0x184 Src\u8g\u8g_rect.o
 .debug_abbrev  0x00002a75      0x18e Src\u8g\u8g_state.o
 .debug_abbrev  0x00002c03      0x212 Src\u8g_arm.o
 .debug_abbrev  0x00002e15       0x12 startup\startup_stm32f103xb.o

.debug_loc      0x00000000     0x7f95
 .debug_loc     0x00000000      0x10c Drivers\STM32F1xx_HAL_Driver\Src\stm32f1xx_hal.o
 .debug_loc     0x0000010c      0x487 Drivers\STM32F1xx_HAL_Driver\Src\stm32f1xx_hal_cortex.o
 .debug_loc     0x00000593      0x2f5 Drivers\STM32F1xx_HAL_Driver\Src\stm32f1xx_hal_gpio.o
 .debug_loc     0x00000888      0x478 Drivers\STM32F1xx_HAL_Driver\Src\stm32f1xx_hal_rcc.o
 .debug_loc     0x00000d00     0x1703 Drivers\STM32F1xx_HAL_Driver\Src\stm32f1xx_hal_spi.o
 .debug_loc     0x00002403       0x58 Src\stm32f1xx_hal_msp.o
 .debug_loc     0x0000245b       0xcd Src\system_stm32f1xx.o
 .debug_loc     0x00002528      0x209 Src\u8g\u8g_clip.o
 .debug_loc     0x00002731      0x47f Src\u8g\u8g_com_api.o
 .debug_loc     0x00002bb0       0x21 Src\u8g\u8g_com_null.o
 .debug_loc     0x00002bd1      0x347 Src\u8g\u8g_dev_st7565_dogm128.o
 .debug_loc     0x00002f18     0x2895 Src\u8g\u8g_font.o
 .debug_loc     0x000057ad     0x10a5 Src\u8g\u8g_ll_api.o
 .debug_loc     0x00006852       0xa7 Src\u8g\u8g_page.o
 .debug_loc     0x000068f9      0x4aa Src\u8g\u8g_pb.o
 .debug_loc     0x00006da3      0x4f3 Src\u8g\u8g_pb8v1.o
 .debug_loc     0x00007296      0xb45 Src\u8g\u8g_rect.o
 .debug_loc     0x00007ddb       0x42 Src\u8g\u8g_state.o
 .debug_loc     0x00007e1d      0x178 Src\u8g_arm.o

.debug_aranges  0x00000000      0xab8
 .debug_aranges
                0x00000000       0xd8 Drivers\STM32F1xx_HAL_Driver\Src\stm32f1xx_hal.o
 .debug_aranges
                0x000000d8       0x90 Drivers\STM32F1xx_HAL_Driver\Src\stm32f1xx_hal_cortex.o
 .debug_aranges
                0x00000168       0x58 Drivers\STM32F1xx_HAL_Driver\Src\stm32f1xx_hal_gpio.o
 .debug_aranges
                0x000001c0       0x88 Drivers\STM32F1xx_HAL_Driver\Src\stm32f1xx_hal_rcc.o
 .debug_aranges
                0x00000248      0x188 Drivers\STM32F1xx_HAL_Driver\Src\stm32f1xx_hal_spi.o
 .debug_aranges
                0x000003d0       0x30 Src\main.o
 .debug_aranges
                0x00000400       0x30 Src\stm32f1xx_hal_msp.o
 .debug_aranges
                0x00000430       0x48 Src\stm32f1xx_it.o
 .debug_aranges
                0x00000478       0x28 Src\system_stm32f1xx.o
 .debug_aranges
                0x000004a0       0x20 Src\u8g\u8g_clip.o
 .debug_aranges
                0x000004c0       0x68 Src\u8g\u8g_com_api.o
 .debug_aranges
                0x00000528       0x20 Src\u8g\u8g_com_null.o
 .debug_aranges
                0x00000548       0x28 Src\u8g\u8g_dev_st7565_dogm128.o
 .debug_aranges
                0x00000570      0x250 Src\u8g\u8g_font.o
 .debug_aranges
                0x000007c0       0x18 Src\u8g\u8g_font_data.o
 .debug_aranges
                0x000007d8      0x138 Src\u8g\u8g_ll_api.o
 .debug_aranges
                0x00000910       0x30 Src\u8g\u8g_page.o
 .debug_aranges
                0x00000940       0x50 Src\u8g\u8g_pb.o
 .debug_aranges
                0x00000990       0x48 Src\u8g\u8g_pb8v1.o
 .debug_aranges
                0x000009d8       0x60 Src\u8g\u8g_rect.o
 .debug_aranges
                0x00000a38       0x28 Src\u8g\u8g_state.o
 .debug_aranges
                0x00000a60       0x30 Src\u8g_arm.o
 .debug_aranges
                0x00000a90       0x28 startup\startup_stm32f103xb.o

.debug_ranges   0x00000000      0xe28
 .debug_ranges  0x00000000       0xc8 Drivers\STM32F1xx_HAL_Driver\Src\stm32f1xx_hal.o
 .debug_ranges  0x000000c8      0x128 Drivers\STM32F1xx_HAL_Driver\Src\stm32f1xx_hal_cortex.o
 .debug_ranges  0x000001f0       0x60 Drivers\STM32F1xx_HAL_Driver\Src\stm32f1xx_hal_gpio.o
 .debug_ranges  0x00000250       0xa0 Drivers\STM32F1xx_HAL_Driver\Src\stm32f1xx_hal_rcc.o
 .debug_ranges  0x000002f0      0x1a8 Drivers\STM32F1xx_HAL_Driver\Src\stm32f1xx_hal_spi.o
 .debug_ranges  0x00000498       0x80 Src\main.o
 .debug_ranges  0x00000518       0x88 Src\stm32f1xx_hal_msp.o
 .debug_ranges  0x000005a0       0x38 Src\stm32f1xx_it.o
 .debug_ranges  0x000005d8       0x18 Src\system_stm32f1xx.o
 .debug_ranges  0x000005f0       0x68 Src\u8g\u8g_clip.o
 .debug_ranges  0x00000658       0x58 Src\u8g\u8g_com_api.o
 .debug_ranges  0x000006b0       0x10 Src\u8g\u8g_com_null.o
 .debug_ranges  0x000006c0       0x18 Src\u8g\u8g_dev_st7565_dogm128.o
 .debug_ranges  0x000006d8      0x408 Src\u8g\u8g_font.o
 .debug_ranges  0x00000ae0      0x188 Src\u8g\u8g_ll_api.o
 .debug_ranges  0x00000c68       0x20 Src\u8g\u8g_page.o
 .debug_ranges  0x00000c88       0x68 Src\u8g\u8g_pb.o
 .debug_ranges  0x00000cf0       0x38 Src\u8g\u8g_pb8v1.o
 .debug_ranges  0x00000d28       0xa8 Src\u8g\u8g_rect.o
 .debug_ranges  0x00000dd0       0x18 Src\u8g\u8g_state.o
 .debug_ranges  0x00000de8       0x20 Src\u8g_arm.o
 .debug_ranges  0x00000e08       0x20 startup\startup_stm32f103xb.o

.debug_line     0x00000000     0x491a
 .debug_line    0x00000000      0x3eb Drivers\STM32F1xx_HAL_Driver\Src\stm32f1xx_hal.o
 .debug_line    0x000003eb      0x3e6 Drivers\STM32F1xx_HAL_Driver\Src\stm32f1xx_hal_cortex.o
 .debug_line    0x000007d1      0x3ab Drivers\STM32F1xx_HAL_Driver\Src\stm32f1xx_hal_gpio.o
 .debug_line    0x00000b7c      0x582 Drivers\STM32F1xx_HAL_Driver\Src\stm32f1xx_hal_rcc.o
 .debug_line    0x000010fe      0xbb2 Drivers\STM32F1xx_HAL_Driver\Src\stm32f1xx_hal_spi.o
 .debug_line    0x00001cb0      0x333 Src\main.o
 .debug_line    0x00001fe3      0x289 Src\stm32f1xx_hal_msp.o
 .debug_line    0x0000226c      0x21d Src\stm32f1xx_it.o
 .debug_line    0x00002489      0x228 Src\system_stm32f1xx.o
 .debug_line    0x000026b1      0x16a Src\u8g\u8g_clip.o
 .debug_line    0x0000281b      0x209 Src\u8g\u8g_com_api.o
 .debug_line    0x00002a24      0x13a Src\u8g\u8g_com_null.o
 .debug_line    0x00002b5e      0x196 Src\u8g\u8g_dev_st7565_dogm128.o
 .debug_line    0x00002cf4      0x9df Src\u8g\u8g_font.o
 .debug_line    0x000036d3      0x129 Src\u8g\u8g_font_data.o
 .debug_line    0x000037fc      0x479 Src\u8g\u8g_ll_api.o
 .debug_line    0x00003c75      0x16e Src\u8g\u8g_page.o
 .debug_line    0x00003de3      0x1ec Src\u8g\u8g_pb.o
 .debug_line    0x00003fcf      0x277 Src\u8g\u8g_pb8v1.o
 .debug_line    0x00004246      0x27a Src\u8g\u8g_rect.o
 .debug_line    0x000044c0      0x146 Src\u8g\u8g_state.o
 .debug_line    0x00004606      0x297 Src\u8g_arm.o
 .debug_line    0x0000489d       0x7d startup\startup_stm32f103xb.o

.debug_str      0x00000000     0x6501
 .debug_str     0x00000000      0x7ff Drivers\STM32F1xx_HAL_Driver\Src\stm32f1xx_hal.o
                                0x868 (size before relaxing)
 .debug_str     0x000007ff      0x3c5 Drivers\STM32F1xx_HAL_Driver\Src\stm32f1xx_hal_cortex.o
                                0x98a (size before relaxing)
 .debug_str     0x00000bc4      0x1cf Drivers\STM32F1xx_HAL_Driver\Src\stm32f1xx_hal_gpio.o
                                0x4db (size before relaxing)
 .debug_str     0x00000d93      0x331 Drivers\STM32F1xx_HAL_Driver\Src\stm32f1xx_hal_rcc.o
                                0x6c4 (size before relaxing)
 .debug_str     0x000010c4      0x8d6 Drivers\STM32F1xx_HAL_Driver\Src\stm32f1xx_hal_spi.o
                                0xbff (size before relaxing)
 .debug_str     0x0000199a     0x35f7 Src\main.o
                               0x3ecf (size before relaxing)
 .debug_str     0x00004f91       0x1b Src\stm32f1xx_hal_msp.o
                                0x745 (size before relaxing)
 .debug_str     0x00004fac       0xa6 Src\stm32f1xx_it.o
                                0x30c (size before relaxing)
 .debug_str     0x00005052       0x4d Src\system_stm32f1xx.o
                                0x34a (size before relaxing)
 .debug_str     0x0000509f       0x4e Src\u8g\u8g_clip.o
                               0x3779 (size before relaxing)
 .debug_str     0x000050ed       0xe0 Src\u8g\u8g_com_api.o
                               0x381b (size before relaxing)
 .debug_str     0x000051cd       0x3a Src\u8g\u8g_com_null.o
                               0x3765 (size before relaxing)
 .debug_str     0x00005207      0x265 Src\u8g\u8g_dev_st7565_dogm128.o
                               0x3a07 (size before relaxing)
 .debug_str     0x0000546c      0x745 Src\u8g\u8g_font.o
                               0x3edd (size before relaxing)
 .debug_str     0x00005bb1       0x57 Src\u8g\u8g_font_data.o
                               0x3782 (size before relaxing)
 .debug_str     0x00005c08      0x269 Src\u8g\u8g_ll_api.o
                               0x3a2a (size before relaxing)
 .debug_str     0x00005e71       0x41 Src\u8g\u8g_page.o
                               0x37b1 (size before relaxing)
 .debug_str     0x00005eb2       0xa9 Src\u8g\u8g_pb.o
                               0x3863 (size before relaxing)
 .debug_str     0x00005f5b      0x460 Src\u8g\u8g_pb8v1.o
                               0x3c9a (size before relaxing)
 .debug_str     0x000063bb       0xaa Src\u8g\u8g_rect.o
                               0x3806 (size before relaxing)
 .debug_str     0x00006465       0x59 Src\u8g\u8g_state.o
                               0x3784 (size before relaxing)
 .debug_str     0x000064be       0x43 Src\u8g_arm.o
                               0x3ca7 (size before relaxing)

.comment        0x00000000       0x7c
 .comment       0x00000000       0x7c Drivers\STM32F1xx_HAL_Driver\Src\stm32f1xx_hal.o
                                 0x7d (size before relaxing)
 .comment       0x0000007c       0x7d Drivers\STM32F1xx_HAL_Driver\Src\stm32f1xx_hal_cortex.o
 .comment       0x0000007c       0x7d Drivers\STM32F1xx_HAL_Driver\Src\stm32f1xx_hal_gpio.o
 .comment       0x0000007c       0x7d Drivers\STM32F1xx_HAL_Driver\Src\stm32f1xx_hal_rcc.o
 .comment       0x0000007c       0x7d Drivers\STM32F1xx_HAL_Driver\Src\stm32f1xx_hal_spi.o
 .comment       0x0000007c       0x7d Src\main.o
 .comment       0x0000007c       0x7d Src\stm32f1xx_hal_msp.o
 .comment       0x0000007c       0x7d Src\stm32f1xx_it.o
 .comment       0x0000007c       0x7d Src\system_stm32f1xx.o
 .comment       0x0000007c       0x7d Src\u8g\u8g_clip.o
 .comment       0x0000007c       0x7d Src\u8g\u8g_com_api.o
 .comment       0x0000007c       0x7d Src\u8g\u8g_com_null.o
 .comment       0x0000007c       0x7d Src\u8g\u8g_dev_st7565_dogm128.o
 .comment       0x0000007c       0x7d Src\u8g\u8g_font.o
 .comment       0x0000007c       0x7d Src\u8g\u8g_font_data.o
 .comment       0x0000007c       0x7d Src\u8g\u8g_ll_api.o
 .comment       0x0000007c       0x7d Src\u8g\u8g_page.o
 .comment       0x0000007c       0x7d Src\u8g\u8g_pb.o
 .comment       0x0000007c       0x7d Src\u8g\u8g_pb8v1.o
 .comment       0x0000007c       0x7d Src\u8g\u8g_rect.o
 .comment       0x0000007c       0x7d Src\u8g\u8g_state.o
 .comment       0x0000007c       0x7d Src\u8g_arm.o

.debug_frame    0x00000000     0x1d00
 .debug_frame   0x00000000      0x1d4 Drivers\STM32F1xx_HAL_Driver\Src\stm32f1xx_hal.o
 .debug_frame   0x000001d4      0x120 Drivers\STM32F1xx_HAL_Driver\Src\stm32f1xx_hal_cortex.o
 .debug_frame   0x000002f4       0xd4 Drivers\STM32F1xx_HAL_Driver\Src\stm32f1xx_hal_gpio.o
 .debug_frame   0x000003c8      0x150 Drivers\STM32F1xx_HAL_Driver\Src\stm32f1xx_hal_rcc.o
 .debug_frame   0x00000518      0x568 Drivers\STM32F1xx_HAL_Driver\Src\stm32f1xx_hal_spi.o
 .debug_frame   0x00000a80       0x5c Src\main.o
 .debug_frame   0x00000adc       0x58 Src\stm32f1xx_hal_msp.o
 .debug_frame   0x00000b34       0xa0 Src\stm32f1xx_it.o
 .debug_frame   0x00000bd4       0x30 Src\system_stm32f1xx.o
 .debug_frame   0x00000c04       0x2c Src\u8g\u8g_clip.o
 .debug_frame   0x00000c30      0x12c Src\u8g\u8g_com_api.o
 .debug_frame   0x00000d5c       0x20 Src\u8g\u8g_com_null.o
 .debug_frame   0x00000d7c       0x68 Src\u8g\u8g_dev_st7565_dogm128.o
 .debug_frame   0x00000de4      0x754 Src\u8g\u8g_font.o
 .debug_frame   0x00001538      0x378 Src\u8g\u8g_ll_api.o
 .debug_frame   0x000018b0       0x48 Src\u8g\u8g_page.o
 .debug_frame   0x000018f8       0xa0 Src\u8g\u8g_pb.o
 .debug_frame   0x00001998       0xb0 Src\u8g\u8g_pb8v1.o
 .debug_frame   0x00001a48      0x1cc Src\u8g\u8g_rect.o
 .debug_frame   0x00001c14       0x40 Src\u8g\u8g_state.o
 .debug_frame   0x00001c54       0x60 Src\u8g_arm.o
 .debug_frame   0x00001cb4       0x2c c:/program files (x86)/atollic/truestudio for stm32 9.3.0/armtools/bin/../lib/gcc/arm-atollic-eabi/6.3.1/../../../../arm-atollic-eabi/lib/armv7-m\libc_nano.a(lib_a-init.o)
 .debug_frame   0x00001ce0       0x20 c:/program files (x86)/atollic/truestudio for stm32 9.3.0/armtools/bin/../lib/gcc/arm-atollic-eabi/6.3.1/../../../../arm-atollic-eabi/lib/armv7-m\libc_nano.a(lib_a-memset.o)
