u8g_ll_api.c:42:9:u8g_call_dev_fn	4	static
u8g_ll_api.c:49:9:u8g_InitLL	16	static
u8g_ll_api.c:59:6:u8g_FirstPageLL	16	static
u8g_ll_api.c:68:9:u8g_NextPageLL	16	static
u8g_ll_api.c:82:9:u8g_SetContrastLL	16	static
u8g_ll_api.c:87:6:u8g_DrawPixelLL	4	static
u8g_ll_api.c:95:6:u8g_Draw8PixelLL	12	static
u8g_ll_api.c:105:6:u8g_Draw4TPixelLL	12	static
u8g_ll_api.c:125:12:u8g_GetWidthLL	16	static
u8g_ll_api.c:132:12:u8g_GetHeightLL	16	static
u8g_ll_api.c:139:12:u8g_GetModeLL	0	static
u8g_ll_api.c:148:6:u8g_UpdateDimension	8	static
u8g_ll_api.c:188:9:u8g_Begin	8	static
u8g_ll_api.c:198:9:u8g_Init	24	static
u8g_ll_api.c:211:9:u8g_InitComFn	24	static
u8g_ll_api.c:383:6:u8g_FirstPage	0	static
u8g_ll_api.c:388:9:u8g_NextPage	8	static
u8g_ll_api.c:397:9:u8g_SetContrast	0	static
u8g_ll_api.c:402:6:u8g_SleepOn	0	static
u8g_ll_api.c:407:6:u8g_SleepOff	0	static
u8g_ll_api.c:413:6:u8g_DrawPixel	0	static
u8g_ll_api.c:418:6:u8g_Draw8Pixel	12	static
u8g_ll_api.c:423:6:u8g_Draw4TPixel	12	static
u8g_ll_api.c:428:6:u8g_Draw8ColorPixel	4	static
u8g_ll_api.c:462:6:u8g_SetColorEntry	16	static
u8g_ll_api.c:472:6:u8g_SetColorIndex	0	static
u8g_ll_api.c:478:6:u8g_SetHiColor	0	static
u8g_ll_api.c:485:6:u8g_SetHiColorByRGB	8	static
u8g_ll_api.c:499:6:u8g_SetRGB	20	static
u8g_ll_api.c:522:9:u8g_GetColorIndex	0	static
u8g_ll_api.c:527:9:u8g_GetDefaultForegroundColor	0	static
u8g_ll_api.c:539:6:u8g_SetDefaultForegroundColor	8	static
u8g_ll_api.c:552:9:u8g_GetDefaultBackgroundColor	0	static
u8g_ll_api.c:557:6:u8g_SetDefaultBackgroundColor	0	static
u8g_ll_api.c:562:9:u8g_GetDefaultMidColor	0	static
u8g_ll_api.c:574:6:u8g_SetDefaultMidColor	0	static
