u8g_polygon.c:66:16:pge_Next	8	static
u8g_polygon.c:114:16:pg_inc	0	static
u8g_polygon.c:122:16:pg_dec	0	static
u8g_polygon.c:130:13:pg_expand_min_y	16	static
u8g_polygon.c:235:13:pg_line_init	32	static
u8g_polygon.c:287:6:pg_ClearPolygonXY	0	static
u8g_polygon.c:292:6:pg_AddPolygonXY	8	static
u8g_polygon.c:302:6:pg_DrawPolygon	24	static
u8g_polygon.c:311:6:u8g_ClearPolygonXY	0	static
u8g_polygon.c:316:6:u8g_AddPolygonXY	0	static
u8g_polygon.c:321:6:u8g_DrawPolygon	0	static
u8g_polygon.c:326:6:u8g_DrawTriangle	24	static
